// Jest Snapshot v1, https://goo.gl/fbAQLP

exports[`Circle saves to JSON (serialization). 1`] = `
Object {
  "indices": Array [
    0,
    1,
    1,
    2,
    2,
    3,
    3,
    4,
    4,
    5,
    5,
    0,
  ],
  "numVertices": 6,
  "params": Object {
    "Angle": Object {
      "value": 6.283185307179586,
    },
    "NumSegments": Object {
      "range": Array [
        3,
        200,
      ],
      "step": 1,
      "value": 6,
    },
    "Radius": Object {
      "value": 2,
    },
  },
  "type": "Circle",
  "vertexAttributes": Object {
    "positions": Object {
      "data": Array [
        2,
        0,
        0,
        1,
        1.7320507764816284,
        0,
        -1,
        1.7320507764816284,
        0,
        -2,
        2.4492937051703357e-16,
        0,
        -1,
        -1.7320507764816284,
        0,
        1,
        -1.7320507764816284,
        0,
      ],
      "dataType": "Vec3",
      "defaultValue": 0,
      "length": 6,
    },
  },
}
`;
