// Jest Snapshot v1, https://goo.gl/fbAQLP

exports[`Cone saves to JSON (serialization). 1`] = `
Object {
  "params": Object {
    "Cap": Object {
      "value": true,
    },
    "Detail": Object {
      "range": Array [
        3,
        200,
      ],
      "step": 1,
      "value": 8,
    },
    "Height": Object {
      "value": 5,
    },
    "Radius": Object {
      "value": 2,
    },
  },
  "type": "Cone",
  "vertexAttributes": Object {},
}
`;
