// Jest Snapshot v1, https://goo.gl/fbAQLP

exports[`Cuboid saves to JSON (serialization). 1`] = `
Object {
  "faceCounts": Array [
    0,
    6,
  ],
  "faceVertexIndices": Array [
    0,
    1,
    2,
    3,
    7,
    6,
    5,
    4,
    1,
    0,
    4,
    5,
    3,
    2,
    6,
    7,
    0,
    3,
    7,
    4,
    2,
    1,
    5,
    6,
  ],
  "numVertices": 8,
  "params": Object {
    "BaseZAtZero": Object {
      "value": false,
    },
    "X": Object {
      "value": 4,
    },
    "Y": Object {
      "value": 6,
    },
    "Z": Object {
      "value": 4,
    },
  },
  "type": "Cuboid",
  "vertexAttributes": Object {
    "normals": Object {
      "data": Array [
        0,
        0,
        1,
        0,
        0,
        1,
        0,
        0,
        1,
        0,
        0,
        1,
        0,
        0,
        -1,
        0,
        0,
        -1,
        0,
        0,
        -1,
        0,
        0,
        -1,
      ],
      "dataType": "Vec3",
      "defaultValue": 1.7976931348623157e+308,
      "length": 8,
      "splitValues": Array [
        Object {
          "x": 1,
          "y": 0,
          "z": 0,
        },
        Object {
          "x": 1,
          "y": 0,
          "z": 0,
        },
        Object {
          "x": 1,
          "y": 0,
          "z": 0,
        },
        Object {
          "x": 1,
          "y": 0,
          "z": 0,
        },
        Object {
          "x": -1,
          "y": 0,
          "z": 0,
        },
        Object {
          "x": -1,
          "y": 0,
          "z": 0,
        },
        Object {
          "x": -1,
          "y": 0,
          "z": 0,
        },
        Object {
          "x": -1,
          "y": 0,
          "z": 0,
        },
        Object {
          "x": 0,
          "y": 1,
          "z": 0,
        },
        Object {
          "x": 0,
          "y": 1,
          "z": 0,
        },
        Object {
          "x": 0,
          "y": 1,
          "z": 0,
        },
        Object {
          "x": 0,
          "y": 1,
          "z": 0,
        },
        Object {
          "x": 0,
          "y": -1,
          "z": 0,
        },
        Object {
          "x": 0,
          "y": -1,
          "z": 0,
        },
        Object {
          "x": 0,
          "y": -1,
          "z": 0,
        },
        Object {
          "x": 0,
          "y": -1,
          "z": 0,
        },
      ],
      "splits": Object {
        "0": Object {
          "2": 1,
          "4": 8,
        },
        "1": Object {
          "2": 0,
          "5": 13,
        },
        "2": Object {
          "3": 5,
          "5": 12,
        },
        "3": Object {
          "3": 4,
          "4": 9,
        },
        "4": Object {
          "2": 2,
          "4": 11,
        },
        "5": Object {
          "2": 3,
          "5": 14,
        },
        "6": Object {
          "3": 6,
          "5": 15,
        },
        "7": Object {
          "3": 7,
          "4": 10,
        },
      },
    },
    "positions": Object {
      "data": Array [
        2,
        -3,
        2,
        2,
        3,
        2,
        -2,
        3,
        2,
        -2,
        -3,
        2,
        2,
        -3,
        -2,
        2,
        3,
        -2,
        -2,
        3,
        -2,
        -2,
        -3,
        -2,
      ],
      "dataType": "Vec3",
      "defaultValue": 0,
      "length": 8,
      "splitValues": Array [],
      "splits": Object {},
    },
    "texCoords": Object {
      "data": Array [
        0,
        0,
        1,
        0,
        1,
        1,
        0,
        1,
        0,
        1,
        1,
        1,
        1,
        0,
        0,
        0,
      ],
      "dataType": "Vec2",
      "defaultValue": 1.7976931348623157e+308,
      "length": 8,
      "splitValues": Array [
        Object {
          "x": 0,
          "y": 0,
        },
        Object {
          "x": 1,
          "y": 0,
        },
        Object {
          "x": 1,
          "y": 1,
        },
        Object {
          "x": 0,
          "y": 1,
        },
        Object {
          "x": 0,
          "y": 0,
        },
        Object {
          "x": 1,
          "y": 0,
        },
        Object {
          "x": 1,
          "y": 1,
        },
        Object {
          "x": 0,
          "y": 1,
        },
        Object {
          "x": 1,
          "y": 0,
        },
        Object {
          "x": 1,
          "y": 1,
        },
        Object {
          "x": 0,
          "y": 0,
        },
        Object {
          "x": 0,
          "y": 1,
        },
      ],
      "splits": Object {
        "0": Object {
          "2": 1,
        },
        "1": Object {
          "2": 0,
        },
        "2": Object {
          "3": 5,
          "5": 10,
        },
        "3": Object {
          "3": 4,
          "4": 8,
        },
        "4": Object {
          "2": 2,
        },
        "5": Object {
          "2": 3,
        },
        "6": Object {
          "3": 6,
          "5": 11,
        },
        "7": Object {
          "3": 7,
          "4": 9,
        },
      },
    },
  },
}
`;
