// Jest Snapshot v1, https://goo.gl/fbAQLP

exports[`Cuboid saves to JSON (serialization). 1`] = `
Object {
  "params": Object {
    "BaseZAtZero": Object {
      "value": false,
    },
    "X": Object {
      "value": 4,
    },
    "Y": Object {
      "value": 6,
    },
    "Z": Object {
      "value": 4,
    },
  },
  "type": "Cuboid",
  "vertexAttributes": Object {},
}
`;
