// Jest Snapshot v1, https://goo.gl/fbAQLP

exports[`Grid saves to JSON (serialization). 1`] = `
Object {
  "indices": Array [
    0,
    1,
    2,
    3,
    4,
    5,
    6,
    7,
    0,
    0,
  ],
  "numVertices": 10,
  "params": Object {
    "SkipCenterLines": Object {
      "value": true,
    },
    "X": Object {
      "value": 4,
    },
    "XDivisions": Object {
      "value": 2,
    },
    "Y": Object {
      "value": 4,
    },
    "YDivisions": Object {
      "value": 2,
    },
  },
  "type": "Grid",
  "vertexAttributes": Object {
    "positions": Object {
      "data": Array [
        -2,
        -2,
        0,
        -2,
        2,
        0,
        2,
        -2,
        0,
        2,
        2,
        0,
        -2,
        -2,
        0,
        2,
        -2,
        0,
        -2,
        2,
        0,
        2,
        2,
        0,
        0,
        0,
        0,
        0,
        0,
        0,
      ],
      "dataType": "Vec3",
      "defaultValue": 0,
      "length": 10,
    },
  },
}
`;
