// Jest Snapshot v1, https://goo.gl/fbAQLP

exports[`Plane saves to JSON (serialization). 1`] = `
Object {
  "params": Object {
    "DetailX": Object {
      "value": 2,
    },
    "DetailY": Object {
      "value": 2,
    },
    "SizeX": Object {
      "value": 2,
    },
    "SizeY": Object {
      "value": 2,
    },
  },
  "type": "Plane",
  "vertexAttributes": Object {},
}
`;
