// Jest Snapshot v1, https://goo.gl/fbAQLP

exports[`Plane saves to JSON (serialization). 1`] = `
Object {
  "faceCounts": Array [
    0,
    4,
  ],
  "faceVertexIndices": Array [
    3,
    4,
    1,
    0,
    4,
    5,
    2,
    1,
    6,
    7,
    4,
    3,
    7,
    8,
    5,
    4,
  ],
  "numVertices": 9,
  "params": Object {
    "DetailX": Object {
      "value": 2,
    },
    "DetailY": Object {
      "value": 2,
    },
    "SizeX": Object {
      "value": 2,
    },
    "SizeY": Object {
      "value": 2,
    },
  },
  "type": "Plane",
  "vertexAttributes": Object {
    "normals": Object {
      "data": Array [
        0,
        0,
        1,
        0,
        0,
        1,
        0,
        0,
        1,
        0,
        0,
        1,
        0,
        0,
        1,
        0,
        0,
        1,
        0,
        0,
        1,
        0,
        0,
        1,
        0,
        0,
        1,
      ],
      "dataType": "Vec3",
      "defaultValue": 1.7976931348623157e+308,
      "length": 9,
      "splitValues": Array [],
      "splits": Object {},
    },
    "positions": Object {
      "data": Array [
        -1,
        -1,
        0,
        0,
        -1,
        0,
        1,
        -1,
        0,
        -1,
        0,
        0,
        0,
        0,
        0,
        1,
        0,
        0,
        -1,
        1,
        0,
        0,
        1,
        0,
        1,
        1,
        0,
      ],
      "dataType": "Vec3",
      "defaultValue": 0,
      "length": 9,
      "splitValues": Array [],
      "splits": Object {},
    },
    "texCoords": Object {
      "data": Array [
        0,
        0,
        0.5,
        0,
        1,
        0,
        0,
        0.5,
        0.5,
        0.5,
        1,
        0.5,
        0,
        1,
        0.5,
        1,
        1,
        1,
      ],
      "dataType": "Vec2",
      "defaultValue": 1.7976931348623157e+308,
      "length": 9,
      "splitValues": Array [],
      "splits": Object {},
    },
  },
}
`;
