// Jest Snapshot v1, https://goo.gl/fbAQLP

exports[`Sphere saves to JSON (serialization). 1`] = `
Object {
  "params": Object {
    "Loops": Object {
      "range": Array [
        3,
        200,
      ],
      "step": 1,
      "value": 5,
    },
    "Radius": Object {
      "value": 2.6,
    },
    "Sides": Object {
      "range": Array [
        3,
        200,
      ],
      "step": 1,
      "value": 5,
    },
  },
  "type": "Sphere",
  "vertexAttributes": Object {},
}
`;
