// Jest Snapshot v1, https://goo.gl/fbAQLP

exports[`Torus saves to JSON (serialization). 1`] = `
Object {
  "params": Object {
    "ArcAngle": Object {
      "value": 6.283185307179586,
    },
    "Detail": Object {
      "range": Array [
        3,
        200,
      ],
      "step": 1,
      "value": 8,
    },
    "InnerRadius": Object {
      "value": 3,
    },
    "OuterRadius": Object {
      "value": 5,
    },
  },
  "type": "Torus",
  "vertexAttributes": Object {},
}
`;
