// Jest Snapshot v1, https://goo.gl/fbAQLP

exports[`Operator save to JSON (serialization). 1`] = `"{\\"type\\":\\"AddFloatsOperator\\",\\"name\\":\\"\\",\\"inputs\\":[{\\"name\\":\\"A\\",\\"paramPath\\":[\\"Foo\\",\\"A\\"]},{\\"name\\":\\"B\\",\\"paramPath\\":[\\"Foo\\",\\"B\\"]}],\\"outputs\\":[{\\"name\\":\\"C\\",\\"paramPath\\":[\\"Foo\\",\\"MyParam\\"],\\"paramBindIndex\\":0}]}"`;
