// Jest Snapshot v1, https://goo.gl/fbAQLP

exports[`Mesh Check computing normals on 2 neighboring quads 1`] = `"{\\"type\\":\\"Mesh\\",\\"numVertices\\":6,\\"vertexAttributes\\":{\\"positions\\":{\\"data\\":[0,-1,-1,0,-1,1,0,1,1,0,1,-1,1,1,1,1,1,-1],\\"dataType\\":\\"Vec3\\",\\"defaultValue\\":0,\\"length\\":6,\\"splits\\":{},\\"splitValues\\":[]},\\"normals\\":{\\"data\\":[-1,0,0,-1,0,0,-1,0,0,0,1,0,0,1,0,0,1,0],\\"dataType\\":\\"Vec3\\",\\"defaultValue\\":1.7976931348623157e+308,\\"length\\":6,\\"splits\\":{\\"2\\":{\\"1\\":0},\\"3\\":{\\"0\\":1}},\\"splitValues\\":[{\\"x\\":0,\\"y\\":1,\\"z\\":0},{\\"x\\":-1,\\"y\\":0,\\"z\\":0}]}},\\"faceCounts\\":[0,2,0],\\"faceVertexIndices\\":[0,1,2,3,3,2,4,5]}"`;

exports[`Mesh saves to JSON (serialization). 1`] = `"{\\"type\\":\\"Mesh\\",\\"numVertices\\":3,\\"vertexAttributes\\":{\\"positions\\":{\\"data\\":[1,2,3,-1,-2,-3,2,1,-3],\\"dataType\\":\\"Vec3\\",\\"defaultValue\\":0,\\"length\\":3,\\"splits\\":{},\\"splitValues\\":[]}},\\"faceCounts\\":[1],\\"faceVertexIndices\\":[0,1,2]}"`;
