// Jest Snapshot v1, https://goo.gl/fbAQLP

exports[`Points saves to JSON (serialization). 1`] = `"{\\"type\\":\\"Points\\",\\"numVertices\\":3,\\"vertexAttributes\\":{\\"positions\\":{\\"data\\":{\\"0\\":1,\\"1\\":2,\\"2\\":3,\\"3\\":-1,\\"4\\":-2,\\"5\\":-3,\\"6\\":2,\\"7\\":1,\\"8\\":-3},\\"dataType\\":\\"Vec3\\",\\"defaultValue\\":0,\\"length\\":3}}}"`;
